<?xml version="1.0" encoding="UTF-8"?>
<TestRun id="dc0145c2-4ee1-4c7d-8da1-d0ffb2164fe2" name="Savinien Lucbereilh@SAVINIEN 2013-03-04 20:28:57" runUser="Savinien\Savinien Lucbereilh" xmlns="http://microsoft.com/schemas/VisualStudio/TeamTest/2010">
  <TestSettings name="Local" id="964a3fb8-e917-4ad7-862c-0ef62600ef40">
    <Description>Il s'agit des paramètres de test par défaut pour une série de tests locale.</Description>
    <Deployment enabled="false" runDeploymentRoot="Savinien Lucbereilh_SAVINIEN 2013-03-04 20_28_57">
      <DeploymentItem filename="C:\Users\Savinien Lucbereilh\Desktop\Atelier3\Lib\bin\Debug\Lib.dll" />
    </Deployment>
    <Execution>
      <TestTypeSpecific />
      <AgentRule name="Execution Agents">
      </AgentRule>
    </Execution>
  </TestSettings>
  <Times creation="2013-03-04T20:28:57.5720582+01:00" queuing="2013-03-04T20:28:57.5886603+01:00" start="2013-03-04T20:28:57.5964722+01:00" finish="2013-03-04T20:28:57.8083923+01:00" />
  <ResultSummary outcome="Completed">
    <Counters total="11" executed="11" passed="11" error="0" failed="0" timeout="0" aborted="0" inconclusive="0" passedButRunAborted="0" notRunnable="0" notExecuted="0" disconnected="0" warning="0" completed="0" inProgress="0" pending="0" />
  </ResultSummary>
  <TestDefinitions>
    <UnitTest name="ClubConstructorTest" storage="c:\users\savinien lucbereilh\desktop\atelier3\testlib\bin\debug\testlib.dll" id="fb20f93f-ac1d-bdac-90f8-b409b3174262">
      <Execution id="27bfabed-3087-4a4d-8d3e-317bde7d77d2" />
      <TestMethod codeBase="C:/Users/Savinien Lucbereilh/Desktop/Atelier3/TestLib/bin/Debug/TestLib.DLL" adapterTypeName="Microsoft.VisualStudio.TestTools.TestTypes.Unit.UnitTestAdapter, Microsoft.VisualStudio.QualityTools.Tips.UnitTest.Adapter, Version=10.0.0.0, Culture=neutral, PublicKeyToken=b03f5f7f11d50a3a" className="TestLib.ClubTest, TestLib, Version=1.0.0.0, Culture=neutral, PublicKeyToken=null" name="ClubConstructorTest" />
    </UnitTest>
    <UnitTest name="MatchConstructorTest" storage="c:\users\savinien lucbereilh\desktop\atelier3\testlib\bin\debug\testlib.dll" id="712b1bb1-36fa-ee91-72c9-ed3069e025e6">
      <Execution id="8335c6f4-020c-4f33-a32f-68cba3bb2aa5" />
      <TestMethod codeBase="C:/Users/Savinien Lucbereilh/Desktop/Atelier3/TestLib/bin/Debug/TestLib.DLL" adapterTypeName="Microsoft.VisualStudio.TestTools.TestTypes.Unit.UnitTestAdapter, Microsoft.VisualStudio.QualityTools.Tips.UnitTest.Adapter, Version=10.0.0.0, Culture=neutral, PublicKeyToken=b03f5f7f11d50a3a" className="TestLib.MatchTest, TestLib, Version=1.0.0.0, Culture=neutral, PublicKeyToken=null" name="MatchConstructorTest" />
    </UnitTest>
    <UnitTest name="ToStringTest" storage="c:\users\savinien lucbereilh\desktop\atelier3\testlib\bin\debug\testlib.dll" id="8ccd64cc-b635-9759-0fd0-44c225be0f93">
      <Execution id="1e973fc3-5020-422c-bf72-702e42ccfef6" />
      <TestMethod codeBase="C:/Users/Savinien Lucbereilh/Desktop/Atelier3/TestLib/bin/Debug/TestLib.DLL" adapterTypeName="Microsoft.VisualStudio.TestTools.TestTypes.Unit.UnitTestAdapter, Microsoft.VisualStudio.QualityTools.Tips.UnitTest.Adapter, Version=10.0.0.0, Culture=neutral, PublicKeyToken=b03f5f7f11d50a3a" className="TestLib.ClubTest, TestLib, Version=1.0.0.0, Culture=neutral, PublicKeyToken=null" name="ToStringTest" />
    </UnitTest>
    <UnitTest name="AwayGoalsTest" storage="c:\users\savinien lucbereilh\desktop\atelier3\testlib\bin\debug\testlib.dll" id="194936c4-fe2b-2b9f-b4b2-066396265d61">
      <Execution id="784e3abd-48b3-490c-900e-89bba9aea8d5" />
      <TestMethod codeBase="C:/Users/Savinien Lucbereilh/Desktop/Atelier3/TestLib/bin/Debug/TestLib.DLL" adapterTypeName="Microsoft.VisualStudio.TestTools.TestTypes.Unit.UnitTestAdapter, Microsoft.VisualStudio.QualityTools.Tips.UnitTest.Adapter, Version=10.0.0.0, Culture=neutral, PublicKeyToken=b03f5f7f11d50a3a" className="TestLib.MatchTest, TestLib, Version=1.0.0.0, Culture=neutral, PublicKeyToken=null" name="AwayGoalsTest" />
    </UnitTest>
    <UnitTest name="HomeGoalsTest" storage="c:\users\savinien lucbereilh\desktop\atelier3\testlib\bin\debug\testlib.dll" id="8f21de7f-e6ed-dea1-95c4-5748718260ef">
      <Execution id="763bdc0b-7475-4b03-a961-6f9c0c6e2043" />
      <TestMethod codeBase="C:/Users/Savinien Lucbereilh/Desktop/Atelier3/TestLib/bin/Debug/TestLib.DLL" adapterTypeName="Microsoft.VisualStudio.TestTools.TestTypes.Unit.UnitTestAdapter, Microsoft.VisualStudio.QualityTools.Tips.UnitTest.Adapter, Version=10.0.0.0, Culture=neutral, PublicKeyToken=b03f5f7f11d50a3a" className="TestLib.MatchTest, TestLib, Version=1.0.0.0, Culture=neutral, PublicKeyToken=null" name="HomeGoalsTest" />
    </UnitTest>
    <UnitTest name="IsAwayForfeitTest" storage="c:\users\savinien lucbereilh\desktop\atelier3\testlib\bin\debug\testlib.dll" id="b37b4a3e-f19e-d63a-58cf-b36a289255bd">
      <Execution id="0eda4991-15e2-4382-a6f7-b777b58bf8ca" />
      <TestMethod codeBase="C:/Users/Savinien Lucbereilh/Desktop/Atelier3/TestLib/bin/Debug/TestLib.DLL" adapterTypeName="Microsoft.VisualStudio.TestTools.TestTypes.Unit.UnitTestAdapter, Microsoft.VisualStudio.QualityTools.Tips.UnitTest.Adapter, Version=10.0.0.0, Culture=neutral, PublicKeyToken=b03f5f7f11d50a3a" className="TestLib.MatchTest, TestLib, Version=1.0.0.0, Culture=neutral, PublicKeyToken=null" name="IsAwayForfeitTest" />
    </UnitTest>
    <UnitTest name="isDrawTest" storage="c:\users\savinien lucbereilh\desktop\atelier3\testlib\bin\debug\testlib.dll" id="f1c00562-9ca6-f0a2-2ac5-2229cd1f8c73">
      <Execution id="2a23435d-27a0-4d04-a379-8dec05f494af" />
      <TestMethod codeBase="C:/Users/Savinien Lucbereilh/Desktop/Atelier3/TestLib/bin/Debug/TestLib.DLL" adapterTypeName="Microsoft.VisualStudio.TestTools.TestTypes.Unit.UnitTestAdapter, Microsoft.VisualStudio.QualityTools.Tips.UnitTest.Adapter, Version=10.0.0.0, Culture=neutral, PublicKeyToken=b03f5f7f11d50a3a" className="TestLib.MatchTest, TestLib, Version=1.0.0.0, Culture=neutral, PublicKeyToken=null" name="isDrawTest" />
    </UnitTest>
    <UnitTest name="isHomeForfaitTest" storage="c:\users\savinien lucbereilh\desktop\atelier3\testlib\bin\debug\testlib.dll" id="15aa387b-d797-9a10-ac96-f9f5828fde23">
      <Execution id="298ad8d3-80f4-455c-bb77-c016c729c431" />
      <TestMethod codeBase="C:/Users/Savinien Lucbereilh/Desktop/Atelier3/TestLib/bin/Debug/TestLib.DLL" adapterTypeName="Microsoft.VisualStudio.TestTools.TestTypes.Unit.UnitTestAdapter, Microsoft.VisualStudio.QualityTools.Tips.UnitTest.Adapter, Version=10.0.0.0, Culture=neutral, PublicKeyToken=b03f5f7f11d50a3a" className="TestLib.MatchTest, TestLib, Version=1.0.0.0, Culture=neutral, PublicKeyToken=null" name="isHomeForfaitTest" />
    </UnitTest>
    <UnitTest name="HomeTest" storage="c:\users\savinien lucbereilh\desktop\atelier3\testlib\bin\debug\testlib.dll" id="cf74f09b-0c62-461e-813a-423683b12a7e">
      <Execution id="e6cdb9f1-f704-4d17-ab21-c86c8a5ad3ae" />
      <TestMethod codeBase="C:/Users/Savinien Lucbereilh/Desktop/Atelier3/TestLib/bin/Debug/TestLib.DLL" adapterTypeName="Microsoft.VisualStudio.TestTools.TestTypes.Unit.UnitTestAdapter, Microsoft.VisualStudio.QualityTools.Tips.UnitTest.Adapter, Version=10.0.0.0, Culture=neutral, PublicKeyToken=b03f5f7f11d50a3a" className="TestLib.MatchTest, TestLib, Version=1.0.0.0, Culture=neutral, PublicKeyToken=null" name="HomeTest" />
    </UnitTest>
    <UnitTest name="MatchConstructorTest1" storage="c:\users\savinien lucbereilh\desktop\atelier3\testlib\bin\debug\testlib.dll" id="60f2211b-2c11-d413-6cbd-8c9306c8eb14">
      <Execution id="da30ebac-d57f-4029-a9d5-55af8f817b06" />
      <TestMethod codeBase="C:/Users/Savinien Lucbereilh/Desktop/Atelier3/TestLib/bin/Debug/TestLib.DLL" adapterTypeName="Microsoft.VisualStudio.TestTools.TestTypes.Unit.UnitTestAdapter, Microsoft.VisualStudio.QualityTools.Tips.UnitTest.Adapter, Version=10.0.0.0, Culture=neutral, PublicKeyToken=b03f5f7f11d50a3a" className="TestLib.MatchTest, TestLib, Version=1.0.0.0, Culture=neutral, PublicKeyToken=null" name="MatchConstructorTest1" />
    </UnitTest>
    <UnitTest name="AwayTest" storage="c:\users\savinien lucbereilh\desktop\atelier3\testlib\bin\debug\testlib.dll" id="1ed9e0b8-b917-981f-1adf-4d3988eb679a">
      <Execution id="1c006871-5b95-4942-b5ea-b6d90bf43e44" />
      <TestMethod codeBase="C:/Users/Savinien Lucbereilh/Desktop/Atelier3/TestLib/bin/Debug/TestLib.DLL" adapterTypeName="Microsoft.VisualStudio.TestTools.TestTypes.Unit.UnitTestAdapter, Microsoft.VisualStudio.QualityTools.Tips.UnitTest.Adapter, Version=10.0.0.0, Culture=neutral, PublicKeyToken=b03f5f7f11d50a3a" className="TestLib.MatchTest, TestLib, Version=1.0.0.0, Culture=neutral, PublicKeyToken=null" name="AwayTest" />
    </UnitTest>
  </TestDefinitions>
  <TestLists>
    <TestList name="Les résultats ne figurent pas dans une liste" id="8c84fa94-04c1-424b-9868-57a2d4851a1d" />
    <TestList name="Tous les résultats chargés" id="19431567-8539-422a-85d7-44ee4e166bda" />
  </TestLists>
  <TestEntries>
    <TestEntry testId="15aa387b-d797-9a10-ac96-f9f5828fde23" executionId="298ad8d3-80f4-455c-bb77-c016c729c431" testListId="8c84fa94-04c1-424b-9868-57a2d4851a1d" />
    <TestEntry testId="194936c4-fe2b-2b9f-b4b2-066396265d61" executionId="784e3abd-48b3-490c-900e-89bba9aea8d5" testListId="8c84fa94-04c1-424b-9868-57a2d4851a1d" />
    <TestEntry testId="1ed9e0b8-b917-981f-1adf-4d3988eb679a" executionId="1c006871-5b95-4942-b5ea-b6d90bf43e44" testListId="8c84fa94-04c1-424b-9868-57a2d4851a1d" />
    <TestEntry testId="60f2211b-2c11-d413-6cbd-8c9306c8eb14" executionId="da30ebac-d57f-4029-a9d5-55af8f817b06" testListId="8c84fa94-04c1-424b-9868-57a2d4851a1d" />
    <TestEntry testId="712b1bb1-36fa-ee91-72c9-ed3069e025e6" executionId="8335c6f4-020c-4f33-a32f-68cba3bb2aa5" testListId="8c84fa94-04c1-424b-9868-57a2d4851a1d" />
    <TestEntry testId="8ccd64cc-b635-9759-0fd0-44c225be0f93" executionId="1e973fc3-5020-422c-bf72-702e42ccfef6" testListId="8c84fa94-04c1-424b-9868-57a2d4851a1d" />
    <TestEntry testId="8f21de7f-e6ed-dea1-95c4-5748718260ef" executionId="763bdc0b-7475-4b03-a961-6f9c0c6e2043" testListId="8c84fa94-04c1-424b-9868-57a2d4851a1d" />
    <TestEntry testId="b37b4a3e-f19e-d63a-58cf-b36a289255bd" executionId="0eda4991-15e2-4382-a6f7-b777b58bf8ca" testListId="8c84fa94-04c1-424b-9868-57a2d4851a1d" />
    <TestEntry testId="cf74f09b-0c62-461e-813a-423683b12a7e" executionId="e6cdb9f1-f704-4d17-ab21-c86c8a5ad3ae" testListId="8c84fa94-04c1-424b-9868-57a2d4851a1d" />
    <TestEntry testId="f1c00562-9ca6-f0a2-2ac5-2229cd1f8c73" executionId="2a23435d-27a0-4d04-a379-8dec05f494af" testListId="8c84fa94-04c1-424b-9868-57a2d4851a1d" />
    <TestEntry testId="fb20f93f-ac1d-bdac-90f8-b409b3174262" executionId="27bfabed-3087-4a4d-8d3e-317bde7d77d2" testListId="8c84fa94-04c1-424b-9868-57a2d4851a1d" />
  </TestEntries>
  <Results>
    <UnitTestResult executionId="298ad8d3-80f4-455c-bb77-c016c729c431" testId="15aa387b-d797-9a10-ac96-f9f5828fde23" testName="isHomeForfaitTest" computerName="SAVINIEN" duration="00:00:00.0125431" startTime="2013-03-04T20:28:57.6003786+01:00" endTime="2013-03-04T20:28:57.7498009+01:00" testType="13cdc9d9-ddb5-4fa4-a97d-d965ccfc6d4b" outcome="Passed" testListId="8c84fa94-04c1-424b-9868-57a2d4851a1d" relativeResultsDirectory="298ad8d3-80f4-455c-bb77-c016c729c431">
    </UnitTestResult>
    <UnitTestResult executionId="784e3abd-48b3-490c-900e-89bba9aea8d5" testId="194936c4-fe2b-2b9f-b4b2-066396265d61" testName="AwayGoalsTest" computerName="SAVINIEN" duration="00:00:00.0003216" startTime="2013-03-04T20:28:57.7517501+01:00" endTime="2013-03-04T20:28:57.7547134+01:00" testType="13cdc9d9-ddb5-4fa4-a97d-d965ccfc6d4b" outcome="Passed" testListId="8c84fa94-04c1-424b-9868-57a2d4851a1d" relativeResultsDirectory="784e3abd-48b3-490c-900e-89bba9aea8d5">
    </UnitTestResult>
    <UnitTestResult executionId="1c006871-5b95-4942-b5ea-b6d90bf43e44" testId="1ed9e0b8-b917-981f-1adf-4d3988eb679a" testName="AwayTest" computerName="SAVINIEN" duration="00:00:00.0003560" startTime="2013-03-04T20:28:57.7566331+01:00" endTime="2013-03-04T20:28:57.7595628+01:00" testType="13cdc9d9-ddb5-4fa4-a97d-d965ccfc6d4b" outcome="Passed" testListId="8c84fa94-04c1-424b-9868-57a2d4851a1d" relativeResultsDirectory="1c006871-5b95-4942-b5ea-b6d90bf43e44">
    </UnitTestResult>
    <UnitTestResult executionId="da30ebac-d57f-4029-a9d5-55af8f817b06" testId="60f2211b-2c11-d413-6cbd-8c9306c8eb14" testName="MatchConstructorTest1" computerName="SAVINIEN" duration="00:00:00.0003021" startTime="2013-03-04T20:28:57.7615161+01:00" endTime="2013-03-04T20:28:57.7644813+01:00" testType="13cdc9d9-ddb5-4fa4-a97d-d965ccfc6d4b" outcome="Passed" testListId="8c84fa94-04c1-424b-9868-57a2d4851a1d" relativeResultsDirectory="da30ebac-d57f-4029-a9d5-55af8f817b06">
    </UnitTestResult>
    <UnitTestResult executionId="8335c6f4-020c-4f33-a32f-68cba3bb2aa5" testId="712b1bb1-36fa-ee91-72c9-ed3069e025e6" testName="MatchConstructorTest" computerName="SAVINIEN" duration="00:00:00.0003021" startTime="2013-03-04T20:28:57.7663991+01:00" endTime="2013-03-04T20:28:57.7693732+01:00" testType="13cdc9d9-ddb5-4fa4-a97d-d965ccfc6d4b" outcome="Passed" testListId="8c84fa94-04c1-424b-9868-57a2d4851a1d" relativeResultsDirectory="8335c6f4-020c-4f33-a32f-68cba3bb2aa5">
    </UnitTestResult>
    <UnitTestResult executionId="1e973fc3-5020-422c-bf72-702e42ccfef6" testId="8ccd64cc-b635-9759-0fd0-44c225be0f93" testName="ToStringTest" computerName="SAVINIEN" duration="00:00:00.0003086" startTime="2013-03-04T20:28:57.7712822+01:00" endTime="2013-03-04T20:28:57.7742539+01:00" testType="13cdc9d9-ddb5-4fa4-a97d-d965ccfc6d4b" outcome="Passed" testListId="8c84fa94-04c1-424b-9868-57a2d4851a1d" relativeResultsDirectory="1e973fc3-5020-422c-bf72-702e42ccfef6">
    </UnitTestResult>
    <UnitTestResult executionId="763bdc0b-7475-4b03-a961-6f9c0c6e2043" testId="8f21de7f-e6ed-dea1-95c4-5748718260ef" testName="HomeGoalsTest" computerName="SAVINIEN" duration="00:00:00.0002661" startTime="2013-03-04T20:28:57.7751878+01:00" endTime="2013-03-04T20:28:57.7791010+01:00" testType="13cdc9d9-ddb5-4fa4-a97d-d965ccfc6d4b" outcome="Passed" testListId="8c84fa94-04c1-424b-9868-57a2d4851a1d" relativeResultsDirectory="763bdc0b-7475-4b03-a961-6f9c0c6e2043">
    </UnitTestResult>
    <UnitTestResult executionId="0eda4991-15e2-4382-a6f7-b777b58bf8ca" testId="b37b4a3e-f19e-d63a-58cf-b36a289255bd" testName="IsAwayForfeitTest" computerName="SAVINIEN" duration="00:00:00.0002581" startTime="2013-03-04T20:28:57.7800712+01:00" endTime="2013-03-04T20:28:57.7830001+01:00" testType="13cdc9d9-ddb5-4fa4-a97d-d965ccfc6d4b" outcome="Passed" testListId="8c84fa94-04c1-424b-9868-57a2d4851a1d" relativeResultsDirectory="0eda4991-15e2-4382-a6f7-b777b58bf8ca">
    </UnitTestResult>
    <UnitTestResult executionId="e6cdb9f1-f704-4d17-ab21-c86c8a5ad3ae" testId="cf74f09b-0c62-461e-813a-423683b12a7e" testName="HomeTest" computerName="SAVINIEN" duration="00:00:00.0001824" startTime="2013-03-04T20:28:57.7849538+01:00" endTime="2013-03-04T20:28:57.7888636+01:00" testType="13cdc9d9-ddb5-4fa4-a97d-d965ccfc6d4b" outcome="Passed" testListId="8c84fa94-04c1-424b-9868-57a2d4851a1d" relativeResultsDirectory="e6cdb9f1-f704-4d17-ab21-c86c8a5ad3ae">
    </UnitTestResult>
    <UnitTestResult executionId="2a23435d-27a0-4d04-a379-8dec05f494af" testId="f1c00562-9ca6-f0a2-2ac5-2229cd1f8c73" testName="isDrawTest" computerName="SAVINIEN" duration="00:00:00.0002592" startTime="2013-03-04T20:28:57.7898368+01:00" endTime="2013-03-04T20:28:57.7928235+01:00" testType="13cdc9d9-ddb5-4fa4-a97d-d965ccfc6d4b" outcome="Passed" testListId="8c84fa94-04c1-424b-9868-57a2d4851a1d" relativeResultsDirectory="2a23435d-27a0-4d04-a379-8dec05f494af">
    </UnitTestResult>
    <UnitTestResult executionId="27bfabed-3087-4a4d-8d3e-317bde7d77d2" testId="fb20f93f-ac1d-bdac-90f8-b409b3174262" testName="ClubConstructorTest" computerName="SAVINIEN" duration="00:00:00.0001583" startTime="2013-03-04T20:28:57.7947707+01:00" endTime="2013-03-04T20:28:57.7977585+01:00" testType="13cdc9d9-ddb5-4fa4-a97d-d965ccfc6d4b" outcome="Passed" testListId="8c84fa94-04c1-424b-9868-57a2d4851a1d" relativeResultsDirectory="27bfabed-3087-4a4d-8d3e-317bde7d77d2">
    </UnitTestResult>
  </Results>
</TestRun>