<?xml version="1.0" encoding="UTF-8"?>
<TestRun id="99407f24-03a7-45d4-b64c-28a33daca2f7" name="slucbere@FR-33-01-12-065 2013-03-11 15:55:32" runUser="SOR\slucbere" xmlns="http://microsoft.com/schemas/VisualStudio/TeamTest/2010">
  <TestSettings name="Local" id="964a3fb8-e917-4ad7-862c-0ef62600ef40">
    <Description>Il s'agit des paramètres de test par défaut pour une série de tests locale.</Description>
    <Deployment enabled="false" runDeploymentRoot="slucbere_FR-33-01-12-065 2013-03-11 15_55_32">
      <DeploymentItem filename="D:\utilisateurs\slucbere\Desktop\Atelier3\SoccerRankingLib\bin\Debug\SoccerRankingLib.dll" />
      <DeploymentItem filename="D:\utilisateurs\slucbere\Desktop\Atelier3\Atelier3\bin\Debug\Atelier3.exe" />
      <DeploymentItem filename="D:\utilisateurs\slucbere\Desktop\Atelier3\Lib\bin\Debug\Lib.dll" />
    </Deployment>
    <Execution>
      <TestTypeSpecific />
      <AgentRule name="Execution Agents">
      </AgentRule>
    </Execution>
  </TestSettings>
  <Times creation="2013-03-11T15:55:32.6446777+01:00" queuing="2013-03-11T15:55:33.0746777+01:00" start="2013-03-11T15:55:33.1006777+01:00" finish="2013-03-11T15:55:33.5526777+01:00" />
  <ResultSummary outcome="Completed">
    <Counters total="17" executed="17" passed="17" error="0" failed="0" timeout="0" aborted="0" inconclusive="0" passedButRunAborted="0" notRunnable="0" notExecuted="0" disconnected="0" warning="0" completed="0" inProgress="0" pending="0" />
  </ResultSummary>
  <TestDefinitions>
    <UnitTest name="FrenchLeague1PointSystem_PointTotalConstructorTest" storage="d:\utilisateurs\slucbere\desktop\atelier3\frenchleaguetest\bin\debug\frenchleaguetest.dll" id="a282ba80-dfb9-5079-0ed6-0f9e78f56075">
      <Execution id="bb7016ca-d9ba-448d-899c-5ca39d98be99" />
      <TestMethod codeBase="D:/utilisateurs/slucbere/Desktop/Atelier3/FrenchLeagueTest/bin/Debug/FrenchLeagueTest.DLL" adapterTypeName="Microsoft.VisualStudio.TestTools.TestTypes.Unit.UnitTestAdapter, Microsoft.VisualStudio.QualityTools.Tips.UnitTest.Adapter, Version=10.0.0.0, Culture=neutral, PublicKeyToken=b03f5f7f11d50a3a" className="FrenchLeagueTest.FrenchLeague1PointSystem_PointTotalTest, FrenchLeagueTest, Version=1.0.0.0, Culture=neutral, PublicKeyToken=null" name="FrenchLeague1PointSystem_PointTotalConstructorTest" />
    </UnitTest>
    <UnitTest name="ToStringTest" storage="d:\utilisateurs\slucbere\desktop\atelier3\testlib\bin\debug\testlib.dll" id="8ccd64cc-b635-9759-0fd0-44c225be0f93">
      <Execution id="e3e8a2be-504d-47c8-b17a-a70bdcc03b70" />
      <TestMethod codeBase="D:/utilisateurs/slucbere/Desktop/Atelier3/TestLib/bin/Debug/TestLib.DLL" adapterTypeName="Microsoft.VisualStudio.TestTools.TestTypes.Unit.UnitTestAdapter, Microsoft.VisualStudio.QualityTools.Tips.UnitTest.Adapter, Version=10.0.0.0, Culture=neutral, PublicKeyToken=b03f5f7f11d50a3a" className="TestLib.ClubTest, TestLib, Version=1.0.0.0, Culture=neutral, PublicKeyToken=null" name="ToStringTest" />
    </UnitTest>
    <UnitTest name="ClubConstructorTest" storage="d:\utilisateurs\slucbere\desktop\atelier3\testlib\bin\debug\testlib.dll" id="fb20f93f-ac1d-bdac-90f8-b409b3174262">
      <Execution id="2220ca19-d47d-4765-813f-366b756871c3" />
      <TestMethod codeBase="D:/utilisateurs/slucbere/Desktop/Atelier3/TestLib/bin/Debug/TestLib.DLL" adapterTypeName="Microsoft.VisualStudio.TestTools.TestTypes.Unit.UnitTestAdapter, Microsoft.VisualStudio.QualityTools.Tips.UnitTest.Adapter, Version=10.0.0.0, Culture=neutral, PublicKeyToken=b03f5f7f11d50a3a" className="TestLib.ClubTest, TestLib, Version=1.0.0.0, Culture=neutral, PublicKeyToken=null" name="ClubConstructorTest" />
    </UnitTest>
    <UnitTest name="HomeGoalsTest" storage="d:\utilisateurs\slucbere\desktop\atelier3\testlib\bin\debug\testlib.dll" id="8f21de7f-e6ed-dea1-95c4-5748718260ef">
      <Execution id="9b255ff3-2fae-45b5-9326-9dcd67b23920" />
      <TestMethod codeBase="D:/utilisateurs/slucbere/Desktop/Atelier3/TestLib/bin/Debug/TestLib.DLL" adapterTypeName="Microsoft.VisualStudio.TestTools.TestTypes.Unit.UnitTestAdapter, Microsoft.VisualStudio.QualityTools.Tips.UnitTest.Adapter, Version=10.0.0.0, Culture=neutral, PublicKeyToken=b03f5f7f11d50a3a" className="TestLib.MatchTest, TestLib, Version=1.0.0.0, Culture=neutral, PublicKeyToken=null" name="HomeGoalsTest" />
    </UnitTest>
    <UnitTest name="AwayTest" storage="d:\utilisateurs\slucbere\desktop\atelier3\testlib\bin\debug\testlib.dll" id="1ed9e0b8-b917-981f-1adf-4d3988eb679a">
      <Execution id="cdb91548-041c-46f0-943a-d3aa0337d37f" />
      <TestMethod codeBase="D:/utilisateurs/slucbere/Desktop/Atelier3/TestLib/bin/Debug/TestLib.DLL" adapterTypeName="Microsoft.VisualStudio.TestTools.TestTypes.Unit.UnitTestAdapter, Microsoft.VisualStudio.QualityTools.Tips.UnitTest.Adapter, Version=10.0.0.0, Culture=neutral, PublicKeyToken=b03f5f7f11d50a3a" className="TestLib.MatchTest, TestLib, Version=1.0.0.0, Culture=neutral, PublicKeyToken=null" name="AwayTest" />
    </UnitTest>
    <UnitTest name="HomeTest" storage="d:\utilisateurs\slucbere\desktop\atelier3\testlib\bin\debug\testlib.dll" id="cf74f09b-0c62-461e-813a-423683b12a7e">
      <Execution id="2fe2b039-a14f-40e5-9a9c-b1f8bc62c521" />
      <TestMethod codeBase="D:/utilisateurs/slucbere/Desktop/Atelier3/TestLib/bin/Debug/TestLib.DLL" adapterTypeName="Microsoft.VisualStudio.TestTools.TestTypes.Unit.UnitTestAdapter, Microsoft.VisualStudio.QualityTools.Tips.UnitTest.Adapter, Version=10.0.0.0, Culture=neutral, PublicKeyToken=b03f5f7f11d50a3a" className="TestLib.MatchTest, TestLib, Version=1.0.0.0, Culture=neutral, PublicKeyToken=null" name="HomeTest" />
    </UnitTest>
    <UnitTest name="IsAwayForfeitTest" storage="d:\utilisateurs\slucbere\desktop\atelier3\testlib\bin\debug\testlib.dll" id="b37b4a3e-f19e-d63a-58cf-b36a289255bd">
      <Execution id="515d2508-8689-40e8-9c8b-0538324935e5" />
      <TestMethod codeBase="D:/utilisateurs/slucbere/Desktop/Atelier3/TestLib/bin/Debug/TestLib.DLL" adapterTypeName="Microsoft.VisualStudio.TestTools.TestTypes.Unit.UnitTestAdapter, Microsoft.VisualStudio.QualityTools.Tips.UnitTest.Adapter, Version=10.0.0.0, Culture=neutral, PublicKeyToken=b03f5f7f11d50a3a" className="TestLib.MatchTest, TestLib, Version=1.0.0.0, Culture=neutral, PublicKeyToken=null" name="IsAwayForfeitTest" />
    </UnitTest>
    <UnitTest name="IncrementTest" storage="d:\utilisateurs\slucbere\desktop\atelier3\frenchleaguetest\bin\debug\frenchleaguetest.dll" id="38b14273-9678-e070-b533-f0c1007d4d3b">
      <Execution id="1624f486-a3f7-4f5e-98e4-bbfb25904809" />
      <TestMethod codeBase="D:/utilisateurs/slucbere/Desktop/Atelier3/FrenchLeagueTest/bin/Debug/FrenchLeagueTest.DLL" adapterTypeName="Microsoft.VisualStudio.TestTools.TestTypes.Unit.UnitTestAdapter, Microsoft.VisualStudio.QualityTools.Tips.UnitTest.Adapter, Version=10.0.0.0, Culture=neutral, PublicKeyToken=b03f5f7f11d50a3a" className="FrenchLeagueTest.FrenchLeague1PointSystem_PointTotalTest, FrenchLeagueTest, Version=1.0.0.0, Culture=neutral, PublicKeyToken=null" name="IncrementTest" />
    </UnitTest>
    <UnitTest name="InstanceTest" storage="d:\utilisateurs\slucbere\desktop\atelier3\frenchleaguetest\bin\debug\frenchleaguetest.dll" id="e997e89f-756b-48be-4ab1-f0802423396a">
      <Execution id="342d55d4-f996-4cd5-b98c-4a12ca57d2dd" />
      <TestMethod codeBase="D:/utilisateurs/slucbere/Desktop/Atelier3/FrenchLeagueTest/bin/Debug/FrenchLeagueTest.DLL" adapterTypeName="Microsoft.VisualStudio.TestTools.TestTypes.Unit.UnitTestAdapter, Microsoft.VisualStudio.QualityTools.Tips.UnitTest.Adapter, Version=10.0.0.0, Culture=neutral, PublicKeyToken=b03f5f7f11d50a3a" className="FrenchLeagueTest.FrenchLeague1PointSystemTest, FrenchLeagueTest, Version=1.0.0.0, Culture=neutral, PublicKeyToken=null" name="InstanceTest" />
    </UnitTest>
    <UnitTest name="MatchConstructorTest1" storage="d:\utilisateurs\slucbere\desktop\atelier3\testlib\bin\debug\testlib.dll" id="60f2211b-2c11-d413-6cbd-8c9306c8eb14">
      <Execution id="cf899816-13b3-4f8e-92ee-35f6379f924d" />
      <TestMethod codeBase="D:/utilisateurs/slucbere/Desktop/Atelier3/TestLib/bin/Debug/TestLib.DLL" adapterTypeName="Microsoft.VisualStudio.TestTools.TestTypes.Unit.UnitTestAdapter, Microsoft.VisualStudio.QualityTools.Tips.UnitTest.Adapter, Version=10.0.0.0, Culture=neutral, PublicKeyToken=b03f5f7f11d50a3a" className="TestLib.MatchTest, TestLib, Version=1.0.0.0, Culture=neutral, PublicKeyToken=null" name="MatchConstructorTest1" />
    </UnitTest>
    <UnitTest name="CompareToTest" storage="d:\utilisateurs\slucbere\desktop\atelier3\frenchleaguetest\bin\debug\frenchleaguetest.dll" id="7d29269b-8409-51cd-5f17-ede6bd48c530">
      <Execution id="e00ce56e-9b55-4035-8c39-a330b293a124" />
      <TestMethod codeBase="D:/utilisateurs/slucbere/Desktop/Atelier3/FrenchLeagueTest/bin/Debug/FrenchLeagueTest.DLL" adapterTypeName="Microsoft.VisualStudio.TestTools.TestTypes.Unit.UnitTestAdapter, Microsoft.VisualStudio.QualityTools.Tips.UnitTest.Adapter, Version=10.0.0.0, Culture=neutral, PublicKeyToken=b03f5f7f11d50a3a" className="FrenchLeagueTest.FrenchLeague1PointSystem_PointTotalTest, FrenchLeagueTest, Version=1.0.0.0, Culture=neutral, PublicKeyToken=null" name="CompareToTest" />
    </UnitTest>
    <UnitTest name="MatchConstructorTest" storage="d:\utilisateurs\slucbere\desktop\atelier3\testlib\bin\debug\testlib.dll" id="712b1bb1-36fa-ee91-72c9-ed3069e025e6">
      <Execution id="f9f3784e-633e-4ab7-9484-5257d3ea0691" />
      <TestMethod codeBase="D:/utilisateurs/slucbere/Desktop/Atelier3/TestLib/bin/Debug/TestLib.DLL" adapterTypeName="Microsoft.VisualStudio.TestTools.TestTypes.Unit.UnitTestAdapter, Microsoft.VisualStudio.QualityTools.Tips.UnitTest.Adapter, Version=10.0.0.0, Culture=neutral, PublicKeyToken=b03f5f7f11d50a3a" className="TestLib.MatchTest, TestLib, Version=1.0.0.0, Culture=neutral, PublicKeyToken=null" name="MatchConstructorTest" />
    </UnitTest>
    <UnitTest name="AwayGoalsTest" storage="d:\utilisateurs\slucbere\desktop\atelier3\testlib\bin\debug\testlib.dll" id="194936c4-fe2b-2b9f-b4b2-066396265d61">
      <Execution id="b362aa27-d49a-4d20-91d3-82772f0e1b66" />
      <TestMethod codeBase="D:/utilisateurs/slucbere/Desktop/Atelier3/TestLib/bin/Debug/TestLib.DLL" adapterTypeName="Microsoft.VisualStudio.TestTools.TestTypes.Unit.UnitTestAdapter, Microsoft.VisualStudio.QualityTools.Tips.UnitTest.Adapter, Version=10.0.0.0, Culture=neutral, PublicKeyToken=b03f5f7f11d50a3a" className="TestLib.MatchTest, TestLib, Version=1.0.0.0, Culture=neutral, PublicKeyToken=null" name="AwayGoalsTest" />
    </UnitTest>
    <UnitTest name="InitialPointsTest" storage="d:\utilisateurs\slucbere\desktop\atelier3\frenchleaguetest\bin\debug\frenchleaguetest.dll" id="a180326a-0f9a-f5a3-267c-5b83149e619a">
      <Execution id="10729ecb-dc95-4087-be4e-dc585cc1b030" />
      <TestMethod codeBase="D:/utilisateurs/slucbere/Desktop/Atelier3/FrenchLeagueTest/bin/Debug/FrenchLeagueTest.DLL" adapterTypeName="Microsoft.VisualStudio.TestTools.TestTypes.Unit.UnitTestAdapter, Microsoft.VisualStudio.QualityTools.Tips.UnitTest.Adapter, Version=10.0.0.0, Culture=neutral, PublicKeyToken=b03f5f7f11d50a3a" className="FrenchLeagueTest.FrenchLeague1PointSystemTest, FrenchLeagueTest, Version=1.0.0.0, Culture=neutral, PublicKeyToken=null" name="InitialPointsTest" />
    </UnitTest>
    <UnitTest name="isDrawTest" storage="d:\utilisateurs\slucbere\desktop\atelier3\testlib\bin\debug\testlib.dll" id="f1c00562-9ca6-f0a2-2ac5-2229cd1f8c73">
      <Execution id="8e04d045-bcb3-40dc-8bd4-cec2fa6832b1" />
      <TestMethod codeBase="D:/utilisateurs/slucbere/Desktop/Atelier3/TestLib/bin/Debug/TestLib.DLL" adapterTypeName="Microsoft.VisualStudio.TestTools.TestTypes.Unit.UnitTestAdapter, Microsoft.VisualStudio.QualityTools.Tips.UnitTest.Adapter, Version=10.0.0.0, Culture=neutral, PublicKeyToken=b03f5f7f11d50a3a" className="TestLib.MatchTest, TestLib, Version=1.0.0.0, Culture=neutral, PublicKeyToken=null" name="isDrawTest" />
    </UnitTest>
    <UnitTest name="isHomeForfaitTest" storage="d:\utilisateurs\slucbere\desktop\atelier3\testlib\bin\debug\testlib.dll" id="15aa387b-d797-9a10-ac96-f9f5828fde23">
      <Execution id="f8426336-8e88-45cb-b2e6-1813b1cd9814" />
      <TestMethod codeBase="D:/utilisateurs/slucbere/Desktop/Atelier3/TestLib/bin/Debug/TestLib.DLL" adapterTypeName="Microsoft.VisualStudio.TestTools.TestTypes.Unit.UnitTestAdapter, Microsoft.VisualStudio.QualityTools.Tips.UnitTest.Adapter, Version=10.0.0.0, Culture=neutral, PublicKeyToken=b03f5f7f11d50a3a" className="TestLib.MatchTest, TestLib, Version=1.0.0.0, Culture=neutral, PublicKeyToken=null" name="isHomeForfaitTest" />
    </UnitTest>
    <UnitTest name="GetPointsFromMatchTest" storage="d:\utilisateurs\slucbere\desktop\atelier3\frenchleaguetest\bin\debug\frenchleaguetest.dll" id="e62e383d-4e73-7eaf-4470-9b9244b097ff">
      <Execution id="6cdd5a58-2c64-49e6-be9f-80f105e9338c" />
      <TestMethod codeBase="D:/utilisateurs/slucbere/Desktop/Atelier3/FrenchLeagueTest/bin/Debug/FrenchLeagueTest.DLL" adapterTypeName="Microsoft.VisualStudio.TestTools.TestTypes.Unit.UnitTestAdapter, Microsoft.VisualStudio.QualityTools.Tips.UnitTest.Adapter, Version=10.0.0.0, Culture=neutral, PublicKeyToken=b03f5f7f11d50a3a" className="FrenchLeagueTest.FrenchLeague1PointSystemTest, FrenchLeagueTest, Version=1.0.0.0, Culture=neutral, PublicKeyToken=null" name="GetPointsFromMatchTest" />
    </UnitTest>
  </TestDefinitions>
  <TestLists>
    <TestList name="Les résultats ne figurent pas dans une liste" id="8c84fa94-04c1-424b-9868-57a2d4851a1d" />
    <TestList name="Tous les résultats chargés" id="19431567-8539-422a-85d7-44ee4e166bda" />
  </TestLists>
  <TestEntries>
    <TestEntry testId="15aa387b-d797-9a10-ac96-f9f5828fde23" executionId="f8426336-8e88-45cb-b2e6-1813b1cd9814" testListId="8c84fa94-04c1-424b-9868-57a2d4851a1d" />
    <TestEntry testId="194936c4-fe2b-2b9f-b4b2-066396265d61" executionId="b362aa27-d49a-4d20-91d3-82772f0e1b66" testListId="8c84fa94-04c1-424b-9868-57a2d4851a1d" />
    <TestEntry testId="1ed9e0b8-b917-981f-1adf-4d3988eb679a" executionId="cdb91548-041c-46f0-943a-d3aa0337d37f" testListId="8c84fa94-04c1-424b-9868-57a2d4851a1d" />
    <TestEntry testId="38b14273-9678-e070-b533-f0c1007d4d3b" executionId="1624f486-a3f7-4f5e-98e4-bbfb25904809" testListId="8c84fa94-04c1-424b-9868-57a2d4851a1d" />
    <TestEntry testId="60f2211b-2c11-d413-6cbd-8c9306c8eb14" executionId="cf899816-13b3-4f8e-92ee-35f6379f924d" testListId="8c84fa94-04c1-424b-9868-57a2d4851a1d" />
    <TestEntry testId="712b1bb1-36fa-ee91-72c9-ed3069e025e6" executionId="f9f3784e-633e-4ab7-9484-5257d3ea0691" testListId="8c84fa94-04c1-424b-9868-57a2d4851a1d" />
    <TestEntry testId="7d29269b-8409-51cd-5f17-ede6bd48c530" executionId="e00ce56e-9b55-4035-8c39-a330b293a124" testListId="8c84fa94-04c1-424b-9868-57a2d4851a1d" />
    <TestEntry testId="8ccd64cc-b635-9759-0fd0-44c225be0f93" executionId="e3e8a2be-504d-47c8-b17a-a70bdcc03b70" testListId="8c84fa94-04c1-424b-9868-57a2d4851a1d" />
    <TestEntry testId="8f21de7f-e6ed-dea1-95c4-5748718260ef" executionId="9b255ff3-2fae-45b5-9326-9dcd67b23920" testListId="8c84fa94-04c1-424b-9868-57a2d4851a1d" />
    <TestEntry testId="a180326a-0f9a-f5a3-267c-5b83149e619a" executionId="10729ecb-dc95-4087-be4e-dc585cc1b030" testListId="8c84fa94-04c1-424b-9868-57a2d4851a1d" />
    <TestEntry testId="a282ba80-dfb9-5079-0ed6-0f9e78f56075" executionId="bb7016ca-d9ba-448d-899c-5ca39d98be99" testListId="8c84fa94-04c1-424b-9868-57a2d4851a1d" />
    <TestEntry testId="b37b4a3e-f19e-d63a-58cf-b36a289255bd" executionId="515d2508-8689-40e8-9c8b-0538324935e5" testListId="8c84fa94-04c1-424b-9868-57a2d4851a1d" />
    <TestEntry testId="cf74f09b-0c62-461e-813a-423683b12a7e" executionId="2fe2b039-a14f-40e5-9a9c-b1f8bc62c521" testListId="8c84fa94-04c1-424b-9868-57a2d4851a1d" />
    <TestEntry testId="e62e383d-4e73-7eaf-4470-9b9244b097ff" executionId="6cdd5a58-2c64-49e6-be9f-80f105e9338c" testListId="8c84fa94-04c1-424b-9868-57a2d4851a1d" />
    <TestEntry testId="e997e89f-756b-48be-4ab1-f0802423396a" executionId="342d55d4-f996-4cd5-b98c-4a12ca57d2dd" testListId="8c84fa94-04c1-424b-9868-57a2d4851a1d" />
    <TestEntry testId="f1c00562-9ca6-f0a2-2ac5-2229cd1f8c73" executionId="8e04d045-bcb3-40dc-8bd4-cec2fa6832b1" testListId="8c84fa94-04c1-424b-9868-57a2d4851a1d" />
    <TestEntry testId="fb20f93f-ac1d-bdac-90f8-b409b3174262" executionId="2220ca19-d47d-4765-813f-366b756871c3" testListId="8c84fa94-04c1-424b-9868-57a2d4851a1d" />
  </TestEntries>
  <Results>
    <UnitTestResult executionId="f8426336-8e88-45cb-b2e6-1813b1cd9814" testId="15aa387b-d797-9a10-ac96-f9f5828fde23" testName="isHomeForfaitTest" computerName="FR-33-01-12-065" duration="00:00:00.0110897" startTime="2013-03-11T15:55:33.1116777+01:00" endTime="2013-03-11T15:55:33.3106777+01:00" testType="13cdc9d9-ddb5-4fa4-a97d-d965ccfc6d4b" outcome="Passed" testListId="8c84fa94-04c1-424b-9868-57a2d4851a1d" relativeResultsDirectory="f8426336-8e88-45cb-b2e6-1813b1cd9814">
    </UnitTestResult>
    <UnitTestResult executionId="b362aa27-d49a-4d20-91d3-82772f0e1b66" testId="194936c4-fe2b-2b9f-b4b2-066396265d61" testName="AwayGoalsTest" computerName="FR-33-01-12-065" duration="00:00:00.0008635" startTime="2013-03-11T15:55:33.3116777+01:00" endTime="2013-03-11T15:55:33.3146777+01:00" testType="13cdc9d9-ddb5-4fa4-a97d-d965ccfc6d4b" outcome="Passed" testListId="8c84fa94-04c1-424b-9868-57a2d4851a1d" relativeResultsDirectory="b362aa27-d49a-4d20-91d3-82772f0e1b66">
    </UnitTestResult>
    <UnitTestResult executionId="cdb91548-041c-46f0-943a-d3aa0337d37f" testId="1ed9e0b8-b917-981f-1adf-4d3988eb679a" testName="AwayTest" computerName="FR-33-01-12-065" duration="00:00:00.0002949" startTime="2013-03-11T15:55:33.3156777+01:00" endTime="2013-03-11T15:55:33.3166777+01:00" testType="13cdc9d9-ddb5-4fa4-a97d-d965ccfc6d4b" outcome="Passed" testListId="8c84fa94-04c1-424b-9868-57a2d4851a1d" relativeResultsDirectory="cdb91548-041c-46f0-943a-d3aa0337d37f">
    </UnitTestResult>
    <UnitTestResult executionId="1624f486-a3f7-4f5e-98e4-bbfb25904809" testId="38b14273-9678-e070-b533-f0c1007d4d3b" testName="IncrementTest" computerName="FR-33-01-12-065" duration="00:00:00.0120172" startTime="2013-03-11T15:55:33.3196777+01:00" endTime="2013-03-11T15:55:33.4866777+01:00" testType="13cdc9d9-ddb5-4fa4-a97d-d965ccfc6d4b" outcome="Passed" testListId="8c84fa94-04c1-424b-9868-57a2d4851a1d" relativeResultsDirectory="1624f486-a3f7-4f5e-98e4-bbfb25904809">
    </UnitTestResult>
    <UnitTestResult executionId="cf899816-13b3-4f8e-92ee-35f6379f924d" testId="60f2211b-2c11-d413-6cbd-8c9306c8eb14" testName="MatchConstructorTest1" computerName="FR-33-01-12-065" duration="00:00:00.0002616" startTime="2013-03-11T15:55:33.4876777+01:00" endTime="2013-03-11T15:55:33.4896777+01:00" testType="13cdc9d9-ddb5-4fa4-a97d-d965ccfc6d4b" outcome="Passed" testListId="8c84fa94-04c1-424b-9868-57a2d4851a1d" relativeResultsDirectory="cf899816-13b3-4f8e-92ee-35f6379f924d">
    </UnitTestResult>
    <UnitTestResult executionId="f9f3784e-633e-4ab7-9484-5257d3ea0691" testId="712b1bb1-36fa-ee91-72c9-ed3069e025e6" testName="MatchConstructorTest" computerName="FR-33-01-12-065" duration="00:00:00.0002435" startTime="2013-03-11T15:55:33.4906777+01:00" endTime="2013-03-11T15:55:33.4916777+01:00" testType="13cdc9d9-ddb5-4fa4-a97d-d965ccfc6d4b" outcome="Passed" testListId="8c84fa94-04c1-424b-9868-57a2d4851a1d" relativeResultsDirectory="f9f3784e-633e-4ab7-9484-5257d3ea0691">
    </UnitTestResult>
    <UnitTestResult executionId="e00ce56e-9b55-4035-8c39-a330b293a124" testId="7d29269b-8409-51cd-5f17-ede6bd48c530" testName="CompareToTest" computerName="FR-33-01-12-065" duration="00:00:00.0001509" startTime="2013-03-11T15:55:33.4926777+01:00" endTime="2013-03-11T15:55:33.4946777+01:00" testType="13cdc9d9-ddb5-4fa4-a97d-d965ccfc6d4b" outcome="Passed" testListId="8c84fa94-04c1-424b-9868-57a2d4851a1d" relativeResultsDirectory="e00ce56e-9b55-4035-8c39-a330b293a124">
    </UnitTestResult>
    <UnitTestResult executionId="e3e8a2be-504d-47c8-b17a-a70bdcc03b70" testId="8ccd64cc-b635-9759-0fd0-44c225be0f93" testName="ToStringTest" computerName="FR-33-01-12-065" duration="00:00:00.0002782" startTime="2013-03-11T15:55:33.4956777+01:00" endTime="2013-03-11T15:55:33.4966777+01:00" testType="13cdc9d9-ddb5-4fa4-a97d-d965ccfc6d4b" outcome="Passed" testListId="8c84fa94-04c1-424b-9868-57a2d4851a1d" relativeResultsDirectory="e3e8a2be-504d-47c8-b17a-a70bdcc03b70">
    </UnitTestResult>
    <UnitTestResult executionId="9b255ff3-2fae-45b5-9326-9dcd67b23920" testId="8f21de7f-e6ed-dea1-95c4-5748718260ef" testName="HomeGoalsTest" computerName="FR-33-01-12-065" duration="00:00:00.0002058" startTime="2013-03-11T15:55:33.4976777+01:00" endTime="2013-03-11T15:55:33.4986777+01:00" testType="13cdc9d9-ddb5-4fa4-a97d-d965ccfc6d4b" outcome="Passed" testListId="8c84fa94-04c1-424b-9868-57a2d4851a1d" relativeResultsDirectory="9b255ff3-2fae-45b5-9326-9dcd67b23920">
    </UnitTestResult>
    <UnitTestResult executionId="10729ecb-dc95-4087-be4e-dc585cc1b030" testId="a180326a-0f9a-f5a3-267c-5b83149e619a" testName="InitialPointsTest" computerName="FR-33-01-12-065" duration="00:00:00.0004612" startTime="2013-03-11T15:55:33.4996777+01:00" endTime="2013-03-11T15:55:33.5016777+01:00" testType="13cdc9d9-ddb5-4fa4-a97d-d965ccfc6d4b" outcome="Passed" testListId="8c84fa94-04c1-424b-9868-57a2d4851a1d" relativeResultsDirectory="10729ecb-dc95-4087-be4e-dc585cc1b030">
    </UnitTestResult>
    <UnitTestResult executionId="bb7016ca-d9ba-448d-899c-5ca39d98be99" testId="a282ba80-dfb9-5079-0ed6-0f9e78f56075" testName="FrenchLeague1PointSystem_PointTotalConstructorTest" computerName="FR-33-01-12-065" duration="00:00:00.0003356" startTime="2013-03-11T15:55:33.5026777+01:00" endTime="2013-03-11T15:55:33.5036777+01:00" testType="13cdc9d9-ddb5-4fa4-a97d-d965ccfc6d4b" outcome="Passed" testListId="8c84fa94-04c1-424b-9868-57a2d4851a1d" relativeResultsDirectory="bb7016ca-d9ba-448d-899c-5ca39d98be99">
    </UnitTestResult>
    <UnitTestResult executionId="515d2508-8689-40e8-9c8b-0538324935e5" testId="b37b4a3e-f19e-d63a-58cf-b36a289255bd" testName="IsAwayForfeitTest" computerName="FR-33-01-12-065" duration="00:00:00.0001940" startTime="2013-03-11T15:55:33.5046777+01:00" endTime="2013-03-11T15:55:33.5066777+01:00" testType="13cdc9d9-ddb5-4fa4-a97d-d965ccfc6d4b" outcome="Passed" testListId="8c84fa94-04c1-424b-9868-57a2d4851a1d" relativeResultsDirectory="515d2508-8689-40e8-9c8b-0538324935e5">
    </UnitTestResult>
    <UnitTestResult executionId="2fe2b039-a14f-40e5-9a9c-b1f8bc62c521" testId="cf74f09b-0c62-461e-813a-423683b12a7e" testName="HomeTest" computerName="FR-33-01-12-065" duration="00:00:00.0001297" startTime="2013-03-11T15:55:33.5066777+01:00" endTime="2013-03-11T15:55:33.5086777+01:00" testType="13cdc9d9-ddb5-4fa4-a97d-d965ccfc6d4b" outcome="Passed" testListId="8c84fa94-04c1-424b-9868-57a2d4851a1d" relativeResultsDirectory="2fe2b039-a14f-40e5-9a9c-b1f8bc62c521">
    </UnitTestResult>
    <UnitTestResult executionId="6cdd5a58-2c64-49e6-be9f-80f105e9338c" testId="e62e383d-4e73-7eaf-4470-9b9244b097ff" testName="GetPointsFromMatchTest" computerName="FR-33-01-12-065" duration="00:00:00.0004126" startTime="2013-03-11T15:55:33.5086777+01:00" endTime="2013-03-11T15:55:33.5106777+01:00" testType="13cdc9d9-ddb5-4fa4-a97d-d965ccfc6d4b" outcome="Passed" testListId="8c84fa94-04c1-424b-9868-57a2d4851a1d" relativeResultsDirectory="6cdd5a58-2c64-49e6-be9f-80f105e9338c">
    </UnitTestResult>
    <UnitTestResult executionId="342d55d4-f996-4cd5-b98c-4a12ca57d2dd" testId="e997e89f-756b-48be-4ab1-f0802423396a" testName="InstanceTest" computerName="FR-33-01-12-065" duration="00:00:00.0001370" startTime="2013-03-11T15:55:33.5116777+01:00" endTime="2013-03-11T15:55:33.5126777+01:00" testType="13cdc9d9-ddb5-4fa4-a97d-d965ccfc6d4b" outcome="Passed" testListId="8c84fa94-04c1-424b-9868-57a2d4851a1d" relativeResultsDirectory="342d55d4-f996-4cd5-b98c-4a12ca57d2dd">
    </UnitTestResult>
    <UnitTestResult executionId="8e04d045-bcb3-40dc-8bd4-cec2fa6832b1" testId="f1c00562-9ca6-f0a2-2ac5-2229cd1f8c73" testName="isDrawTest" computerName="FR-33-01-12-065" duration="00:00:00.0002079" startTime="2013-03-11T15:55:33.5136777+01:00" endTime="2013-03-11T15:55:33.5156777+01:00" testType="13cdc9d9-ddb5-4fa4-a97d-d965ccfc6d4b" outcome="Passed" testListId="8c84fa94-04c1-424b-9868-57a2d4851a1d" relativeResultsDirectory="8e04d045-bcb3-40dc-8bd4-cec2fa6832b1">
    </UnitTestResult>
    <UnitTestResult executionId="2220ca19-d47d-4765-813f-366b756871c3" testId="fb20f93f-ac1d-bdac-90f8-b409b3174262" testName="ClubConstructorTest" computerName="FR-33-01-12-065" duration="00:00:00.0001234" startTime="2013-03-11T15:55:33.5166777+01:00" endTime="2013-03-11T15:55:33.5176777+01:00" testType="13cdc9d9-ddb5-4fa4-a97d-d965ccfc6d4b" outcome="Passed" testListId="8c84fa94-04c1-424b-9868-57a2d4851a1d" relativeResultsDirectory="2220ca19-d47d-4765-813f-366b756871c3">
    </UnitTestResult>
  </Results>
</TestRun>