<?xml version="1.0" encoding="UTF-8"?>
<TestRun id="3cd4291d-efbb-4069-b107-ef14e177b007" name="tbenchek@FR-33-01-12-062 2013-03-11 14:18:21" runUser="SOR\tbenchek" xmlns="http://microsoft.com/schemas/VisualStudio/TeamTest/2010">
  <TestSettings name="Local" id="964a3fb8-e917-4ad7-862c-0ef62600ef40">
    <Description>Il s'agit des paramètres de test par défaut pour une série de tests locale.</Description>
    <Deployment enabled="false" runDeploymentRoot="tbenchek_FR-33-01-12-062 2013-03-11 14_18_21">
      <DeploymentItem filename="D:\utilisateurs\tbenchek\Desktop\Atelier3\Atelier3\Lib\bin\Debug\Lib.dll" />
      <DeploymentItem filename="D:\utilisateurs\tbenchek\Desktop\Atelier3\Atelier3\Atelier3\bin\Debug\Atelier3.exe" />
      <DeploymentItem filename="D:\utilisateurs\tbenchek\Desktop\Atelier3\Atelier3\SoccerRankingLib\bin\Debug\SoccerRankingLib.dll" />
    </Deployment>
    <Execution>
      <TestTypeSpecific />
      <AgentRule name="Execution Agents">
      </AgentRule>
    </Execution>
  </TestSettings>
  <Times creation="2013-03-11T14:18:21.8118015+01:00" queuing="2013-03-11T14:18:21.8468015+01:00" start="2013-03-11T14:18:21.8508015+01:00" finish="2013-03-11T14:18:22.0558015+01:00" />
  <ResultSummary outcome="Failed">
    <Counters total="1" executed="1" error="0" failed="1" timeout="0" aborted="0" inconclusive="0" passedButRunAborted="0" notRunnable="0" notExecuted="0" disconnected="0" warning="0" passed="0" completed="0" inProgress="0" pending="0" />
  </ResultSummary>
  <TestDefinitions>
    <UnitTest name="GetPointsFromMatchTest" storage="d:\utilisateurs\tbenchek\desktop\atelier3\atelier3\frenchleaguetest\bin\debug\frenchleaguetest.dll" id="e62e383d-4e73-7eaf-4470-9b9244b097ff">
      <Execution id="bcabd99f-eb59-491f-a4a2-eed82cd6bad9" />
      <TestMethod codeBase="D:/utilisateurs/tbenchek/Desktop/Atelier3/Atelier3/FrenchLeagueTest/bin/Debug/FrenchLeagueTest.DLL" adapterTypeName="Microsoft.VisualStudio.TestTools.TestTypes.Unit.UnitTestAdapter, Microsoft.VisualStudio.QualityTools.Tips.UnitTest.Adapter, Version=10.0.0.0, Culture=neutral, PublicKeyToken=b03f5f7f11d50a3a" className="FrenchLeagueTest.FrenchLeague1PointSystemTest, FrenchLeagueTest, Version=1.0.0.0, Culture=neutral, PublicKeyToken=null" name="GetPointsFromMatchTest" />
    </UnitTest>
  </TestDefinitions>
  <TestLists>
    <TestList name="Results Not in a List" id="8c84fa94-04c1-424b-9868-57a2d4851a1d" />
    <TestList name="All Loaded Results" id="19431567-8539-422a-85d7-44ee4e166bda" />
  </TestLists>
  <TestEntries>
    <TestEntry testId="e62e383d-4e73-7eaf-4470-9b9244b097ff" executionId="bcabd99f-eb59-491f-a4a2-eed82cd6bad9" testListId="8c84fa94-04c1-424b-9868-57a2d4851a1d" />
  </TestEntries>
  <Results>
    <UnitTestResult executionId="bcabd99f-eb59-491f-a4a2-eed82cd6bad9" testId="e62e383d-4e73-7eaf-4470-9b9244b097ff" testName="GetPointsFromMatchTest" computerName="FR-33-01-12-062" duration="00:00:00.0267960" startTime="2013-03-11T14:18:21.8548015+01:00" endTime="2013-03-11T14:18:22.0468015+01:00" testType="13cdc9d9-ddb5-4fa4-a97d-d965ccfc6d4b" outcome="Failed" testListId="8c84fa94-04c1-424b-9868-57a2d4851a1d" relativeResultsDirectory="bcabd99f-eb59-491f-a4a2-eed82cd6bad9">
      <Output>
        <ErrorInfo>
          <Message>Test method FrenchLeagueTest.FrenchLeague1PointSystemTest.GetPointsFromMatchTest threw exception: 
System.InvalidCastException: Le cast spécifié n'est pas valide.</Message>
          <StackTrace>    à SoccerRankingLib.FrenchLeague1PointSystem.PointTotal.CompareTo(Object obj) dans D:\utilisateurs\tbenchek\Desktop\Atelier3\Atelier3\SoccerRankingLib\FrenchLeague1PointSystem.cs:ligne 43
   à FrenchLeagueTest.FrenchLeague1PointSystemTest.GetPointsFromMatchTest() dans D:\utilisateurs\tbenchek\Desktop\Atelier3\Atelier3\FrenchLeagueTest\FrenchLeague1PointSystemTest.cs:ligne 84
</StackTrace>
        </ErrorInfo>
      </Output>
    </UnitTestResult>
  </Results>
</TestRun>